[2025-12-04 21:14:41,892: INFO: main: Welcome to custom log]
[2025-12-09 22:18:21,277: INFO: common: YAML file config\config.yaml loaded successfully]
[2025-12-09 22:18:21,283: INFO: common: YAML file params.yaml loaded successfully]
[2025-12-09 22:20:40,413: INFO: common: YAML file config\config.yaml loaded successfully]
[2025-12-09 22:20:40,438: INFO: common: YAML file params.yaml loaded successfully]
[2025-12-09 22:20:40,441: INFO: common: created directory at: artifacts]
[2025-12-09 22:20:40,444: INFO: common: created directory at: artifacts/data_ingestion]
[2025-12-09 22:20:43,499: INFO: 4037744573: artifacts/data_ingestion/data.zip download! with following info: 
Connection: close
Content-Length: 11616915
Cache-Control: max-age=300
Content-Security-Policy: default-src 'none'; style-src 'unsafe-inline'; sandbox
Content-Type: application/zip
ETag: "adf745abc03891fe493c3be264ec012691fe3fa21d861f35a27edbe6d86a76b1"
Strict-Transport-Security: max-age=31536000
X-Content-Type-Options: nosniff
X-Frame-Options: deny
X-XSS-Protection: 1; mode=block
X-GitHub-Request-Id: 7933:14F937:1CA0A3:37ACB3:6938535D
Accept-Ranges: bytes
Date: Tue, 09 Dec 2025 16:50:38 GMT
Via: 1.1 varnish
X-Served-By: cache-maa10243-MAA
X-Cache: MISS
X-Cache-Hits: 0
X-Timer: S1765299038.740597,VS0,VE895
Vary: Authorization,Accept-Encoding
Access-Control-Allow-Origin: *
Cross-Origin-Resource-Policy: cross-origin
X-Fastly-Request-ID: 50e7ba8d6bc9c1d03c8f04e5504b1d318aa4505c
Expires: Tue, 09 Dec 2025 16:55:38 GMT
Source-Age: 1

]
[2025-12-09 22:24:03,147: INFO: common: YAML file config\config.yaml loaded successfully]
[2025-12-09 22:24:03,155: INFO: common: YAML file params.yaml loaded successfully]
[2025-12-09 22:24:03,157: INFO: common: created directory at: artifacts]
[2025-12-09 22:24:03,159: INFO: common: created directory at: artifacts/data_ingestion]
[2025-12-09 22:24:04,357: INFO: 4037744573: artifacts/data_ingestion/data.zip download! with following info: 
Connection: close
Content-Length: 11616915
Cache-Control: max-age=300
Content-Security-Policy: default-src 'none'; style-src 'unsafe-inline'; sandbox
Content-Type: application/zip
ETag: "adf745abc03891fe493c3be264ec012691fe3fa21d861f35a27edbe6d86a76b1"
Strict-Transport-Security: max-age=31536000
X-Content-Type-Options: nosniff
X-Frame-Options: deny
X-XSS-Protection: 1; mode=block
X-GitHub-Request-Id: 7933:14F937:1CA0A3:37ACB3:6938535D
Accept-Ranges: bytes
Date: Tue, 09 Dec 2025 16:54:00 GMT
Via: 1.1 varnish
X-Served-By: cache-maa10239-MAA
X-Cache: HIT
X-Cache-Hits: 1
X-Timer: S1765299240.251797,VS0,VE0
Vary: Authorization,Accept-Encoding
Access-Control-Allow-Origin: *
Cross-Origin-Resource-Policy: cross-origin
X-Fastly-Request-ID: 163c7239bde2d91cbe121738fe8ef80e050f728a
Expires: Tue, 09 Dec 2025 16:59:00 GMT
Source-Age: 202

]
[2025-12-10 21:31:59,220: INFO: main: >>>>>> Data Ingestion Stage started <<<<<<]
[2025-12-10 21:31:59,223: INFO: common: YAML file config\config.yaml loaded successfully]
[2025-12-10 21:31:59,226: INFO: common: YAML file params.yaml loaded successfully]
[2025-12-10 21:31:59,227: INFO: common: created directory at: artifacts]
[2025-12-10 21:31:59,227: INFO: common: created directory at: artifacts/data_ingestion]
[2025-12-10 21:31:59,228: INFO: data_ingestion: File already exists of size: ~ 11345 KB]
[2025-12-10 21:31:59,715: INFO: main: >>>>>> Data Ingestion Stage completed <<<<<<

x==========x]
[2025-12-11 22:09:29,288: INFO: common: YAML file config\config.yaml loaded successfully]
[2025-12-11 22:09:29,331: INFO: common: YAML file params.yaml loaded successfully]
[2025-12-11 22:09:29,335: INFO: common: created directory at: artifacts]
[2025-12-11 22:09:29,339: INFO: common: created directory at: artifacts/prepare_base_model]
[2025-12-11 22:09:30,299: WARNING: saving_api: You are saving your model as an HDF5 file via `model.save()` or `keras.saving.save_model(model)`. This file format is considered legacy. We recommend using instead the native Keras format, e.g. `model.save('my_model.keras')` or `keras.saving.save_model(model, 'my_model.keras')`. ]
[2025-12-11 22:09:30,760: WARNING: saving_api: You are saving your model as an HDF5 file via `model.save()` or `keras.saving.save_model(model)`. This file format is considered legacy. We recommend using instead the native Keras format, e.g. `model.save('my_model.keras')` or `keras.saving.save_model(model, 'my_model.keras')`. ]
